## DOMAINS YOU WANT TO USE A PROXY
#
## ONE DOMAIN PER LINE!!

myip.is
ifconfig.co
youtube.com
static.doubleclick.net
jnn-pa.googleapis.com
i.ytimg.com
ytimg.com
rr1---sn-4g5lznes.googlevideo.com
www.youtube.com
googleads.g.doubleclick.net
yt3.ggpht.com
000webhost.com
account.wpmet.com
aceplugins.com
acf-extended.com
adminmenueditor.com
alfahost.me
almalinux.mirror.liteserver.nl
almalinux.mirror.wearetriple.com
analytics.google.com
analytify.io
api.admincolumns.com
api.akismet.com
api.appsero.com
api.cm-wp.com
api.coinex.com
api.crocoblock.com
api.envato.com
api.exactmetrics.com
api.fontawesome.com
api.freemius.com
api.getbeamer.com
api.github.com
api.ipify.org
api.monsterinsights.com
api.openprovider.eu
api.resmush.it
api.thesslstore.com
api.tinify.com
api.unlimited-elements.com
api.wordpress.com
api.wordpress.org
api.wpfastestcache.net
api.wpmet.com
app.imagify.io
archive.mariadb.org
archive.ubuntu.com
arpriceplugin.com
artbees.net
assets.gumroad.com
auth.docker.io
auth.wincher.com
authenticate.scriptsbundle.com
bdthemes.com
bit.ly
bitbucket.org
build.envato.com
casper.yithemes.com
cdn-download.rocket.chat
cdn.jsdelivr.net
centos.mirror.liteserver.nl
centos.mirror.triple-it.nl
client.crisp.chat
client.sabinserver.com
cnet.com
codecanyon.net
coinbase.com
connect.wpmailsmtp.com
console.firebase.google.com
cpanel.net
crocoblock.com
curd.io
curl.haxx.se
da.vsicloud.com
das.domreg.lt
data.gingersoftware.com
database.clamav.net
deb.nodesource.com
demo.themegrill.com
deploymentcode.com
developer.wordpress.org
directadmin.com
dl.yarnpkg.com
docker.io
domaincheck.auda.org.au
download.docker.com
download.imunify360.com
download.wordpress.org
downloads.wordpress.org
elementor.com
envato.com
epel.mirror.wearetriple.com
exactmetrics.com
extendify.com
farazserver.net
fedora-epel.koyanet.lv
files.directadmin.com
files.rtl-theme.com
firebase.google.com
flexibleshipping.com
fonts.googleapis.com
ftp.nluug.nl
get.docker.ir
getcomposer.org
getwooplugins.com
gitlab.com
gmail-smtp-in.l.google.com
gmail.googleapis.com
googleapis.com
gravityapi.com
gravityview.co
help.us-themes.com
httpupdate.cpanel.net
i.stack.imgur.com
igdb.com
intellywp.com
ipecho.net
ipinfo.io
ir.archive.ubuntu.com
iran-locations-api.vercel.app
is.gd
ithemes.com
ivi.ru
ivi.tv
izhakwood.com
jetpack.com
jetpack.wordpress.com
justpaste.it
kero.yachay.pe
kreaturamedia.com
licence.yithemes.com
license.dynamic.ooo
licenses.bdthemes.co
lifterlms.com
linuxserver2.dedidata.com
manage2.cpanel.net
marketplace.envato.com
megamenu.com
metasploit.com
mirror.1000mbps.com
mirror.ams1.nl.leaseweb.net
mirror.centos.org
mirror.efect.ro
mirror.lyrahosting.com
mirror.mijn.host
mirror.nforce.com
mirror.nl.datapacket.com
mirror.oxilion.nl
mirror.previder.nl
mirror.prolocation.net
mirror.proserve.nl
mirror.serverius.net
mirror.sitbv.nl
mirror.spectraip.net
mirror.theory7.net
mirror.usenet.farm
mirror.wd6.net
mirror.widexs.nl
mirrorlist.centos.org
mirrors.almalinux.org
mirrors.fedoraproject.org
monarch.tonic.to
my.yoast.com
myip.cpanel.net
netflix.com
nextendweb.com
ngrok.io
ninjateam.org
nip.io
nl.mirrors.clouvider.net
noc1.wordfence.com
noc3.wordfence.com
noc4.wordfence.com
node-binaries.s3.amazonaws.com
node.aapanel.com
nodejs.org
novininsta.com
objectcache.pro
objects.githubusercontent.com
ocsp.comodoca.com
onesignal.com
onlinesim.ru
openvpn.net
origin.com
oteapi.webnic.cc
packagecloud.io
packages.microsoft.com
packages.translationspress.com
packagist.org
pecl.php.net
perfectmoney.com
perfmatters.io
pgp.mongodb.com
phlox.pro
php.net
pimwick.com
plugins.svn.wordpress.org
powerpackelements.com
ppa.launchpad.net
preview.codecanyon.net
public-api.wordpress.com
quadlayers.com
r.cpanel.fleetssl.com
raw.githubusercontent.com
really-simple-ssl.com
redux.io
reduxframework.com
registry-1.docker.io
registry.npmjs.org
releases.rocket.chat
repo.cloudlinux.com
repo.imunify360.cloudlinux.com
repo.jetlicense.com
repo.mongodb.org
repo.mysql.com
repo.percona.com
repo.the7.io
repo.zabbix.com
repository.kreaturamedia.com
resmush.it
rest.akismet.com
rollout.cloudlinux.com
sandbox-wbapi.thesslstore.com
scriptsbundle.com
searchwp.com
securedownloads.cpanel.net
security.ubuntu.com
smushpro.wpmudev.org
spamassassin.apache.org
steamcommunity.com
store.cpanel.net
store.theplusaddons.com
support.brainstormforce.com
sw-themes.com
teconce.com
terrytao.wordpress.com
test.beshkon.ir
the7.io
theme-fusion.com
themeforest.net
themeisle.com
tinypng.com
tinyurl.com
tnedi.me
tp.wpml.org
translate.wordpress.com
translate.wordpress.org
ubuntu.bigbluebutton.org
upd.merkulov.design
update.yithemes.com
updates.theme-fusion.com
updates.themepunch-ext-a.tools
updates.themepunch-ext-b.tools
updates.themepunch-ext-c.tools
updates.themepunch.tools
updates.wpbakery.com
usa10.tavanahost.com
verify.cpanel.net
visser.com.au
vmware.com
waze.com
webpay.bahamta.com
welaunch.io
whmcs.deploymentcode.com
wincher.com
woocommerce.com
woodmart.xtemos.com
wordfence.com
wordpress.com
wordpress.org
wp-rocket.me
wp-statistics.com
wp-toolkit.plesk.com
wp.com
wpapi.quic.cloud
wpastra.com
wpforms.com
wpmailsmtp.com
wpmet.com
wpml.org
wpmudev.com
wtfismyip.com
www.arpriceplugin.com
www.bigbluebutton.org
www.codecanyon.net
www.directadmin.com
www.envato.com
www.exactmetrics.com
www.googleapis.com
www.gt
www.ilghera.com
www.jetpack.com
www.mongodb.org
www.nic.pa
www.onesignal.com
www.origin.com
www.preview.themeforest.net
www.rtl-theme.com
www.themeforest.net
www.vmware.com
www.wonderplugin.com
www.wordfence.com
www.yoa.st
www.yoast.com
xip.io
yithemes.com
yoa.st
yoast.com
za.net
zispa.co.zw

# Global
